// Jest Snapshot v1, https://goo.gl/fbAQLP

exports[`snapshot test 1`] = `
<form
  onSubmit={[Function]}
>
  <div
    className="form-group"
  >
    <label
      htmlFor="foodName"
    >
      Food
    </label>
    <input
      className="form-control"
      id="foodName"
      name="foodName"
      onBlur={[Function]}
      onChange={[Function]}
      type="text"
      value=""
    />
    <span
      className="text-danger"
    />
  </div>
  <div
    className="form-group"
  >
    <label
      htmlFor="calorieAmount"
    >
      Calories
    </label>
    <input
      className="form-control"
      id="calorieAmount"
      name="calorieAmount"
      onBlur={[Function]}
      onChange={[Function]}
      type="number"
    />
    <span
      className="text-danger"
    />
  </div>
  <div>
    <button
      className="btn btn-primary"
      type="submit"
    >
      Add
    </button>
  </div>
</form>
`;
